Command line invocation:
    /Applications/Xcode.app/Contents/Developer/usr/bin/xcodebuild -project /private/tmp/shopdiscover-native-checks/NativeChecks.xcodeproj -scheme NativeChecks -sdk iphonesimulator -destination "platform=iOS Simulator,id=47D84A87-2DE3-4A1B-B6F4-83507C32CC85" -derivedDataPath /private/tmp/shopdiscover-native-checks/DerivedData -resultBundlePath /private/tmp/shopdiscover-native-checks/NativeFlowRetry.xcresult -parallel-testing-enabled NO -jobs 2 CODE_SIGNING_ALLOWED=NO test

Build settings from command line:
    CODE_SIGNING_ALLOWED = NO
    SDKROOT = iphonesimulator27.0

Writing result bundle at path:
	/private/tmp/shopdiscover-native-checks/NativeFlowRetry.xcresult

Build Preparation
Build task concurrency set to 2 via user default IDEBuildOperationMaxNumberOfConcurrentCompileTasks

ComputePackagePrebuildTargetDependencyGraph

Prepare packages

CreateBuildRequest

SendProjectDescription

CreateBuildOperation

ComputeTargetDependencyGraph
note: Building targets in dependency order
note: Target dependency graph (1 target)
    Target 'NativeChecks' in project 'NativeChecks' (no dependencies)

GatherProvisioningInputs

CreateBuildDescription

ClangStatCache /Applications/Xcode.app/Contents/Developer/Toolchains/XcodeDefault.xctoolchain/usr/bin/clang-stat-cache /Applications/Xcode.app/Contents/Developer/Platforms/iPhoneSimulator.platform/Developer/SDKs/iPhoneSimulator27.0.sdk /tmp/shopdiscover-native-checks/DerivedData/SDKStatCaches.noindex/iphonesimulator27.0-24A430-8dc58220667be655e1bcc261a7455254.sdkstatcache
    cd /tmp/shopdiscover-native-checks/NativeChecks.xcodeproj
    /Applications/Xcode.app/Contents/Developer/Toolchains/XcodeDefault.xctoolchain/usr/bin/clang-stat-cache /Applications/Xcode.app/Contents/Developer/Platforms/iPhoneSimulator.platform/Developer/SDKs/iPhoneSimulator27.0.sdk -o /tmp/shopdiscover-native-checks/DerivedData/SDKStatCaches.noindex/iphonesimulator27.0-24A430-8dc58220667be655e1bcc261a7455254.sdkstatcache

SwiftDriver NativeChecks normal arm64 com.apple.xcode.tools.swift.compiler (in target 'NativeChecks' from project 'NativeChecks')
    cd /tmp/shopdiscover-native-checks
    builtin-SwiftDriver -- /Applications/Xcode.app/Contents/Developer/Toolchains/XcodeDefault.xctoolchain/usr/bin/swiftc -module-name NativeChecks -Onone @/tmp/shopdiscover-native-checks/DerivedData/Build/Intermediates.noindex/NativeChecks.build/Debug-iphonesimulator/NativeChecks.build/Objects-normal/arm64/NativeChecks.SwiftFileList -DDEBUG -module-alias Testing\=_Testing_Unavailable -plugin-path /Applications/Xcode.app/Contents/Developer/Toolchains/XcodeDefault.xctoolchain/usr/lib/swift/host/plugins/testing -enable-bare-slash-regex -enable-experimental-feature DebugDescriptionMacro -sdk /Applications/Xcode.app/Contents/Developer/Platforms/iPhoneSimulator.platform/Developer/SDKs/iPhoneSimulator27.0.sdk -target arm64-apple-ios15.1-simulator -g -module-cache-path /tmp/shopdiscover-native-checks/DerivedData/ModuleCache.noindex -Xfrontend -serialize-debugging-options -enable-testing -index-store-path /tmp/shopdiscover-native-checks/DerivedData/Index.noindex/DataStore -Xcc -D_LIBCPP_HARDENING_MODE\=_LIBCPP_HARDENING_MODE_DEBUG -swift-version 5 -I /tmp/shopdiscover-native-checks/DerivedData/Build/Products/Debug-iphonesimulator -Isystem /Applications/Xcode.app/Contents/Developer/Platforms/iPhoneSimulator.platform/Developer/usr/lib -F /tmp/shopdiscover-native-checks/DerivedData/Build/Products/Debug-iphonesimulator -F /Applications/Xcode.app/Contents/Developer/Platforms/iPhoneSimulator.platform/Developer/Library/Frameworks -F /Applications/Xcode.app/Contents/Developer/Platforms/iPhoneSimulator.platform/Developer/SDKs/iPhoneSimulator27.0.sdk/Developer/Library/Frameworks -parse-as-library -c -j8 -enable-batch-mode -incremental -Xcc -ivfsstatcache -Xcc /tmp/shopdiscover-native-checks/DerivedData/SDKStatCaches.noindex/iphonesimulator27.0-24A430-8dc58220667be655e1bcc261a7455254.sdkstatcache -output-file-map /tmp/shopdiscover-native-checks/DerivedData/Build/Intermediates.noindex/NativeChecks.build/Debug-iphonesimulator/NativeChecks.build/Objects-normal/arm64/NativeChecks-OutputFileMap.json -save-temps -no-color-diagnostics -explicit-module-build -module-cache-path /tmp/shopdiscover-native-checks/DerivedData/Build/Intermediates.noindex/SwiftExplicitPrecompiledModules -clang-scanner-module-cache-path /tmp/shopdiscover-native-checks/DerivedData/ModuleCache.noindex -sdk-module-cache-path /tmp/shopdiscover-native-checks/DerivedData/SDKExplicitPrecompiledModules -emit-dependencies -emit-module -emit-module-path /tmp/shopdiscover-native-checks/DerivedData/Build/Intermediates.noindex/NativeChecks.build/Debug-iphonesimulator/NativeChecks.build/Objects-normal/arm64/NativeChecks.swiftmodule -serialize-diagnostics -dependency-scan-serialize-diagnostics-path /tmp/shopdiscover-native-checks/DerivedData/Build/Intermediates.noindex/NativeChecks.build/Debug-iphonesimulator/NativeChecks.build/Objects-normal/arm64/NativeChecks-dependency-scan.dia -validate-clang-modules-once -clang-build-session-file /tmp/shopdiscover-native-checks/DerivedData/ModuleCache.noindex/Session.modulevalidation -Xcc -fmodules-prune-interval\=86400 -Xcc -fmodules-prune-after\=345600 -emit-const-values -const-gather-protocols-list /tmp/shopdiscover-native-checks/DerivedData/Build/Intermediates.noindex/NativeChecks.build/Debug-iphonesimulator/NativeChecks.build/Objects-normal/arm64/NativeChecks_const_extract_protocols.json -Xcc -iquote -Xcc /tmp/shopdiscover-native-checks/DerivedData/Build/Intermediates.noindex/NativeChecks.build/Debug-iphonesimulator/NativeChecks.build/NativeChecks-generated-files.hmap -Xcc -I/tmp/shopdiscover-native-checks/DerivedData/Build/Intermediates.noindex/NativeChecks.build/Debug-iphonesimulator/NativeChecks.build/NativeChecks-own-target-headers.hmap -Xcc -I/tmp/shopdiscover-native-checks/DerivedData/Build/Intermediates.noindex/NativeChecks.build/Debug-iphonesimulator/NativeChecks.build/NativeChecks-all-target-headers.hmap -Xcc -iquote -Xcc /tmp/shopdiscover-native-checks/DerivedData/Build/Intermediates.noindex/NativeChecks.build/Debug-iphonesimulator/NativeChecks.build/NativeChecks-project-headers.hmap -Xcc -I/tmp/shopdiscover-native-checks/DerivedData/Build/Products/Debug-iphonesimulator/include -Xcc -I/tmp/shopdiscover-native-checks/DerivedData/Build/Intermediates.noindex/NativeChecks.build/Debug-iphonesimulator/NativeChecks.build/DerivedSources-normal/arm64 -Xcc -I/tmp/shopdiscover-native-checks/DerivedData/Build/Intermediates.noindex/NativeChecks.build/Debug-iphonesimulator/NativeChecks.build/DerivedSources/arm64 -Xcc -I/tmp/shopdiscover-native-checks/DerivedData/Build/Intermediates.noindex/NativeChecks.build/Debug-iphonesimulator/NativeChecks.build/DerivedSources -Xcc -DDEBUG\=1 -emit-objc-header -emit-objc-header-path /tmp/shopdiscover-native-checks/DerivedData/Build/Intermediates.noindex/NativeChecks.build/Debug-iphonesimulator/NativeChecks.build/Objects-normal/arm64/NativeChecks-Swift.h -working-directory /tmp/shopdiscover-native-checks -experimental-emit-module-separately -disable-cmo

SwiftEmitModule normal arm64 Emitting\ module\ for\ NativeChecks (in target 'NativeChecks' from project 'NativeChecks')

SwiftCompile normal arm64 (in target 'NativeChecks' from project 'NativeChecks')
    cd /tmp/shopdiscover-native-checks


SwiftCompile normal arm64 Compiling\ NativeFlowTests.swift /tmp/shopdiscover-native-checks/NativeFlowTests.swift (in target 'NativeChecks' from project 'NativeChecks')

SwiftCompile normal arm64 /tmp/shopdiscover-native-checks/NativeFlowTests.swift (in target 'NativeChecks' from project 'NativeChecks')
    cd /tmp/shopdiscover-native-checks
    builtin-SwiftPerFileCompile NativeFlowTests.swift

SwiftDriverJobDiscovery normal arm64 Compiling NativeFlowTests.swift (in target 'NativeChecks' from project 'NativeChecks')

SwiftDriver\ Compilation NativeChecks normal arm64 com.apple.xcode.tools.swift.compiler (in target 'NativeChecks' from project 'NativeChecks')
    cd /tmp/shopdiscover-native-checks
    builtin-Swift-Compilation -- /Applications/Xcode.app/Contents/Developer/Toolchains/XcodeDefault.xctoolchain/usr/bin/swiftc -module-name NativeChecks -Onone @/tmp/shopdiscover-native-checks/DerivedData/Build/Intermediates.noindex/NativeChecks.build/Debug-iphonesimulator/NativeChecks.build/Objects-normal/arm64/NativeChecks.SwiftFileList -DDEBUG -module-alias Testing\=_Testing_Unavailable -plugin-path /Applications/Xcode.app/Contents/Developer/Toolchains/XcodeDefault.xctoolchain/usr/lib/swift/host/plugins/testing -enable-bare-slash-regex -enable-experimental-feature DebugDescriptionMacro -sdk /Applications/Xcode.app/Contents/Developer/Platforms/iPhoneSimulator.platform/Developer/SDKs/iPhoneSimulator27.0.sdk -target arm64-apple-ios15.1-simulator -g -module-cache-path /tmp/shopdiscover-native-checks/DerivedData/ModuleCache.noindex -Xfrontend -serialize-debugging-options -enable-testing -index-store-path /tmp/shopdiscover-native-checks/DerivedData/Index.noindex/DataStore -Xcc -D_LIBCPP_HARDENING_MODE\=_LIBCPP_HARDENING_MODE_DEBUG -swift-version 5 -I /tmp/shopdiscover-native-checks/DerivedData/Build/Products/Debug-iphonesimulator -Isystem /Applications/Xcode.app/Contents/Developer/Platforms/iPhoneSimulator.platform/Developer/usr/lib -F /tmp/shopdiscover-native-checks/DerivedData/Build/Products/Debug-iphonesimulator -F /Applications/Xcode.app/Contents/Developer/Platforms/iPhoneSimulator.platform/Developer/Library/Frameworks -F /Applications/Xcode.app/Contents/Developer/Platforms/iPhoneSimulator.platform/Developer/SDKs/iPhoneSimulator27.0.sdk/Developer/Library/Frameworks -parse-as-library -c -j8 -enable-batch-mode -incremental -Xcc -ivfsstatcache -Xcc /tmp/shopdiscover-native-checks/DerivedData/SDKStatCaches.noindex/iphonesimulator27.0-24A430-8dc58220667be655e1bcc261a7455254.sdkstatcache -output-file-map /tmp/shopdiscover-native-checks/DerivedData/Build/Intermediates.noindex/NativeChecks.build/Debug-iphonesimulator/NativeChecks.build/Objects-normal/arm64/NativeChecks-OutputFileMap.json -save-temps -no-color-diagnostics -explicit-module-build -module-cache-path /tmp/shopdiscover-native-checks/DerivedData/Build/Intermediates.noindex/SwiftExplicitPrecompiledModules -clang-scanner-module-cache-path /tmp/shopdiscover-native-checks/DerivedData/ModuleCache.noindex -sdk-module-cache-path /tmp/shopdiscover-native-checks/DerivedData/SDKExplicitPrecompiledModules -emit-dependencies -emit-module -emit-module-path /tmp/shopdiscover-native-checks/DerivedData/Build/Intermediates.noindex/NativeChecks.build/Debug-iphonesimulator/NativeChecks.build/Objects-normal/arm64/NativeChecks.swiftmodule -serialize-diagnostics -dependency-scan-serialize-diagnostics-path /tmp/shopdiscover-native-checks/DerivedData/Build/Intermediates.noindex/NativeChecks.build/Debug-iphonesimulator/NativeChecks.build/Objects-normal/arm64/NativeChecks-dependency-scan.dia -validate-clang-modules-once -clang-build-session-file /tmp/shopdiscover-native-checks/DerivedData/ModuleCache.noindex/Session.modulevalidation -Xcc -fmodules-prune-interval\=86400 -Xcc -fmodules-prune-after\=345600 -emit-const-values -const-gather-protocols-list /tmp/shopdiscover-native-checks/DerivedData/Build/Intermediates.noindex/NativeChecks.build/Debug-iphonesimulator/NativeChecks.build/Objects-normal/arm64/NativeChecks_const_extract_protocols.json -Xcc -iquote -Xcc /tmp/shopdiscover-native-checks/DerivedData/Build/Intermediates.noindex/NativeChecks.build/Debug-iphonesimulator/NativeChecks.build/NativeChecks-generated-files.hmap -Xcc -I/tmp/shopdiscover-native-checks/DerivedData/Build/Intermediates.noindex/NativeChecks.build/Debug-iphonesimulator/NativeChecks.build/NativeChecks-own-target-headers.hmap -Xcc -I/tmp/shopdiscover-native-checks/DerivedData/Build/Intermediates.noindex/NativeChecks.build/Debug-iphonesimulator/NativeChecks.build/NativeChecks-all-target-headers.hmap -Xcc -iquote -Xcc /tmp/shopdiscover-native-checks/DerivedData/Build/Intermediates.noindex/NativeChecks.build/Debug-iphonesimulator/NativeChecks.build/NativeChecks-project-headers.hmap -Xcc -I/tmp/shopdiscover-native-checks/DerivedData/Build/Products/Debug-iphonesimulator/include -Xcc -I/tmp/shopdiscover-native-checks/DerivedData/Build/Intermediates.noindex/NativeChecks.build/Debug-iphonesimulator/NativeChecks.build/DerivedSources-normal/arm64 -Xcc -I/tmp/shopdiscover-native-checks/DerivedData/Build/Intermediates.noindex/NativeChecks.build/Debug-iphonesimulator/NativeChecks.build/DerivedSources/arm64 -Xcc -I/tmp/shopdiscover-native-checks/DerivedData/Build/Intermediates.noindex/NativeChecks.build/Debug-iphonesimulator/NativeChecks.build/DerivedSources -Xcc -DDEBUG\=1 -emit-objc-header -emit-objc-header-path /tmp/shopdiscover-native-checks/DerivedData/Build/Intermediates.noindex/NativeChecks.build/Debug-iphonesimulator/NativeChecks.build/Objects-normal/arm64/NativeChecks-Swift.h -working-directory /tmp/shopdiscover-native-checks -experimental-emit-module-separately -disable-cmo

SwiftDriverJobDiscovery normal arm64 Emitting module for NativeChecks (in target 'NativeChecks' from project 'NativeChecks')

SwiftDriver\ Compilation\ Requirements NativeChecks normal arm64 com.apple.xcode.tools.swift.compiler (in target 'NativeChecks' from project 'NativeChecks')
    cd /tmp/shopdiscover-native-checks
    builtin-Swift-Compilation-Requirements -- /Applications/Xcode.app/Contents/Developer/Toolchains/XcodeDefault.xctoolchain/usr/bin/swiftc -module-name NativeChecks -Onone @/tmp/shopdiscover-native-checks/DerivedData/Build/Intermediates.noindex/NativeChecks.build/Debug-iphonesimulator/NativeChecks.build/Objects-normal/arm64/NativeChecks.SwiftFileList -DDEBUG -module-alias Testing\=_Testing_Unavailable -plugin-path /Applications/Xcode.app/Contents/Developer/Toolchains/XcodeDefault.xctoolchain/usr/lib/swift/host/plugins/testing -enable-bare-slash-regex -enable-experimental-feature DebugDescriptionMacro -sdk /Applications/Xcode.app/Contents/Developer/Platforms/iPhoneSimulator.platform/Developer/SDKs/iPhoneSimulator27.0.sdk -target arm64-apple-ios15.1-simulator -g -module-cache-path /tmp/shopdiscover-native-checks/DerivedData/ModuleCache.noindex -Xfrontend -serialize-debugging-options -enable-testing -index-store-path /tmp/shopdiscover-native-checks/DerivedData/Index.noindex/DataStore -Xcc -D_LIBCPP_HARDENING_MODE\=_LIBCPP_HARDENING_MODE_DEBUG -swift-version 5 -I /tmp/shopdiscover-native-checks/DerivedData/Build/Products/Debug-iphonesimulator -Isystem /Applications/Xcode.app/Contents/Developer/Platforms/iPhoneSimulator.platform/Developer/usr/lib -F /tmp/shopdiscover-native-checks/DerivedData/Build/Products/Debug-iphonesimulator -F /Applications/Xcode.app/Contents/Developer/Platforms/iPhoneSimulator.platform/Developer/Library/Frameworks -F /Applications/Xcode.app/Contents/Developer/Platforms/iPhoneSimulator.platform/Developer/SDKs/iPhoneSimulator27.0.sdk/Developer/Library/Frameworks -parse-as-library -c -j8 -enable-batch-mode -incremental -Xcc -ivfsstatcache -Xcc /tmp/shopdiscover-native-checks/DerivedData/SDKStatCaches.noindex/iphonesimulator27.0-24A430-8dc58220667be655e1bcc261a7455254.sdkstatcache -output-file-map /tmp/shopdiscover-native-checks/DerivedData/Build/Intermediates.noindex/NativeChecks.build/Debug-iphonesimulator/NativeChecks.build/Objects-normal/arm64/NativeChecks-OutputFileMap.json -save-temps -no-color-diagnostics -explicit-module-build -module-cache-path /tmp/shopdiscover-native-checks/DerivedData/Build/Intermediates.noindex/SwiftExplicitPrecompiledModules -clang-scanner-module-cache-path /tmp/shopdiscover-native-checks/DerivedData/ModuleCache.noindex -sdk-module-cache-path /tmp/shopdiscover-native-checks/DerivedData/SDKExplicitPrecompiledModules -emit-dependencies -emit-module -emit-module-path /tmp/shopdiscover-native-checks/DerivedData/Build/Intermediates.noindex/NativeChecks.build/Debug-iphonesimulator/NativeChecks.build/Objects-normal/arm64/NativeChecks.swiftmodule -serialize-diagnostics -dependency-scan-serialize-diagnostics-path /tmp/shopdiscover-native-checks/DerivedData/Build/Intermediates.noindex/NativeChecks.build/Debug-iphonesimulator/NativeChecks.build/Objects-normal/arm64/NativeChecks-dependency-scan.dia -validate-clang-modules-once -clang-build-session-file /tmp/shopdiscover-native-checks/DerivedData/ModuleCache.noindex/Session.modulevalidation -Xcc -fmodules-prune-interval\=86400 -Xcc -fmodules-prune-after\=345600 -emit-const-values -const-gather-protocols-list /tmp/shopdiscover-native-checks/DerivedData/Build/Intermediates.noindex/NativeChecks.build/Debug-iphonesimulator/NativeChecks.build/Objects-normal/arm64/NativeChecks_const_extract_protocols.json -Xcc -iquote -Xcc /tmp/shopdiscover-native-checks/DerivedData/Build/Intermediates.noindex/NativeChecks.build/Debug-iphonesimulator/NativeChecks.build/NativeChecks-generated-files.hmap -Xcc -I/tmp/shopdiscover-native-checks/DerivedData/Build/Intermediates.noindex/NativeChecks.build/Debug-iphonesimulator/NativeChecks.build/NativeChecks-own-target-headers.hmap -Xcc -I/tmp/shopdiscover-native-checks/DerivedData/Build/Intermediates.noindex/NativeChecks.build/Debug-iphonesimulator/NativeChecks.build/NativeChecks-all-target-headers.hmap -Xcc -iquote -Xcc /tmp/shopdiscover-native-checks/DerivedData/Build/Intermediates.noindex/NativeChecks.build/Debug-iphonesimulator/NativeChecks.build/NativeChecks-project-headers.hmap -Xcc -I/tmp/shopdiscover-native-checks/DerivedData/Build/Products/Debug-iphonesimulator/include -Xcc -I/tmp/shopdiscover-native-checks/DerivedData/Build/Intermediates.noindex/NativeChecks.build/Debug-iphonesimulator/NativeChecks.build/DerivedSources-normal/arm64 -Xcc -I/tmp/shopdiscover-native-checks/DerivedData/Build/Intermediates.noindex/NativeChecks.build/Debug-iphonesimulator/NativeChecks.build/DerivedSources/arm64 -Xcc -I/tmp/shopdiscover-native-checks/DerivedData/Build/Intermediates.noindex/NativeChecks.build/Debug-iphonesimulator/NativeChecks.build/DerivedSources -Xcc -DDEBUG\=1 -emit-objc-header -emit-objc-header-path /tmp/shopdiscover-native-checks/DerivedData/Build/Intermediates.noindex/NativeChecks.build/Debug-iphonesimulator/NativeChecks.build/Objects-normal/arm64/NativeChecks-Swift.h -working-directory /tmp/shopdiscover-native-checks -experimental-emit-module-separately -disable-cmo

Copy /tmp/shopdiscover-native-checks/DerivedData/Build/Products/Debug-iphonesimulator/NativeChecks.swiftmodule/arm64-apple-ios-simulator.abi.json /tmp/shopdiscover-native-checks/DerivedData/Build/Intermediates.noindex/NativeChecks.build/Debug-iphonesimulator/NativeChecks.build/Objects-normal/arm64/NativeChecks.abi.json (in target 'NativeChecks' from project 'NativeChecks')
    cd /tmp/shopdiscover-native-checks
    builtin-copy -exclude .DS_Store -exclude CVS -exclude .svn -exclude .git -exclude .hg -resolve-src-symlinks -rename /tmp/shopdiscover-native-checks/DerivedData/Build/Intermediates.noindex/NativeChecks.build/Debug-iphonesimulator/NativeChecks.build/Objects-normal/arm64/NativeChecks.abi.json /tmp/shopdiscover-native-checks/DerivedData/Build/Products/Debug-iphonesimulator/NativeChecks.swiftmodule/arm64-apple-ios-simulator.abi.json

Ld /tmp/shopdiscover-native-checks/DerivedData/Build/Products/Debug-iphonesimulator/NativeChecks-Runner.app/PlugIns/NativeChecks.xctest/NativeChecks normal (in target 'NativeChecks' from project 'NativeChecks')
    cd /tmp/shopdiscover-native-checks
    /Applications/Xcode.app/Contents/Developer/Toolchains/XcodeDefault.xctoolchain/usr/bin/clang -Xlinker -reproducible -target arm64-apple-ios15.1-simulator -bundle -isysroot /Applications/Xcode.app/Contents/Developer/Platforms/iPhoneSimulator.platform/Developer/SDKs/iPhoneSimulator27.0.sdk -O0 -Xlinker -no_warn_duplicate_libraries -L/tmp/shopdiscover-native-checks/DerivedData/Build/Intermediates.noindex/EagerLinkingTBDs/Debug-iphonesimulator -L/tmp/shopdiscover-native-checks/DerivedData/Build/Products/Debug-iphonesimulator -L/Applications/Xcode.app/Contents/Developer/Platforms/iPhoneSimulator.platform/Developer/usr/lib -F/tmp/shopdiscover-native-checks/DerivedData/Build/Intermediates.noindex/EagerLinkingTBDs/Debug-iphonesimulator -F/tmp/shopdiscover-native-checks/DerivedData/Build/Products/Debug-iphonesimulator -iframework /Applications/Xcode.app/Contents/Developer/Platforms/iPhoneSimulator.platform/Developer/Library/Frameworks -iframework /Applications/Xcode.app/Contents/Developer/Platforms/iPhoneSimulator.platform/Developer/SDKs/iPhoneSimulator27.0.sdk/Developer/Library/Frameworks -filelist /tmp/shopdiscover-native-checks/DerivedData/Build/Intermediates.noindex/NativeChecks.build/Debug-iphonesimulator/NativeChecks.build/Objects-normal/arm64/NativeChecks.LinkFileList -Xlinker -rpath -Xlinker /usr/lib/swift -Xlinker -rpath -Xlinker @loader_path/Frameworks -Xlinker -dead_strip -Xlinker -object_path_lto -Xlinker /tmp/shopdiscover-native-checks/DerivedData/Build/Intermediates.noindex/NativeChecks.build/Debug-iphonesimulator/NativeChecks.build/Objects-normal/arm64/NativeChecks_lto.o -rdynamic -Xlinker -no_deduplicate -Xlinker -objc_abi_version -Xlinker 2 -Xlinker -dependency_info -Xlinker /tmp/shopdiscover-native-checks/DerivedData/Build/Intermediates.noindex/NativeChecks.build/Debug-iphonesimulator/NativeChecks.build/Objects-normal/arm64/NativeChecks_dependency_info.dat -fobjc-link-runtime -L/Applications/Xcode.app/Contents/Developer/Toolchains/XcodeDefault.xctoolchain/usr/lib/swift/iphonesimulator -L/usr/lib/swift -Xlinker -add_ast_path -Xlinker /tmp/shopdiscover-native-checks/DerivedData/Build/Intermediates.noindex/NativeChecks.build/Debug-iphonesimulator/NativeChecks.build/Objects-normal/arm64/NativeChecks.swiftmodule -Xlinker -needed_framework -Xlinker XCTest -framework XCTest -Xlinker -needed-lXCTestSwiftSupport -lXCTestSwiftSupport -framework Foundation -o /tmp/shopdiscover-native-checks/DerivedData/Build/Products/Debug-iphonesimulator/NativeChecks-Runner.app/PlugIns/NativeChecks.xctest/NativeChecks
/tmp/shopdiscover-native-checks/NativeChecks.xcodeproj: NativeChecks: ld: warning: building for iOS-simulator-15.1, but linking with dylib '@rpath/XCTest.framework/XCTest' which was built for newer version 17.0
/tmp/shopdiscover-native-checks/NativeChecks.xcodeproj: NativeChecks: ld: warning: building for iOS-simulator-15.1, but linking with dylib '@rpath/libXCTestSwiftSupport.dylib' which was built for newer version 17.0
/tmp/shopdiscover-native-checks/NativeChecks.xcodeproj: NativeChecks: ld: warning: building for iOS-simulator-15.1, but linking with dylib '@rpath/XCUIAutomation.framework/XCUIAutomation' which was built for newer version 17.0

Copy /tmp/shopdiscover-native-checks/DerivedData/Build/Products/Debug-iphonesimulator/NativeChecks.swiftmodule/Project/arm64-apple-ios-simulator.swiftsourceinfo /tmp/shopdiscover-native-checks/DerivedData/Build/Intermediates.noindex/NativeChecks.build/Debug-iphonesimulator/NativeChecks.build/Objects-normal/arm64/NativeChecks.swiftsourceinfo (in target 'NativeChecks' from project 'NativeChecks')
    cd /tmp/shopdiscover-native-checks
    builtin-copy -exclude .DS_Store -exclude CVS -exclude .svn -exclude .git -exclude .hg -resolve-src-symlinks -rename /tmp/shopdiscover-native-checks/DerivedData/Build/Intermediates.noindex/NativeChecks.build/Debug-iphonesimulator/NativeChecks.build/Objects-normal/arm64/NativeChecks.swiftsourceinfo /tmp/shopdiscover-native-checks/DerivedData/Build/Products/Debug-iphonesimulator/NativeChecks.swiftmodule/Project/arm64-apple-ios-simulator.swiftsourceinfo

ExtractAppIntentsMetadata (in target 'NativeChecks' from project 'NativeChecks')
    cd /tmp/shopdiscover-native-checks
    /Applications/Xcode.app/Contents/Developer/Toolchains/XcodeDefault.xctoolchain/usr/bin/appintentsmetadataprocessor --toolchain-dir /Applications/Xcode.app/Contents/Developer/Toolchains/XcodeDefault.xctoolchain --module-name NativeChecks --sdk-root /Applications/Xcode.app/Contents/Developer/Platforms/iPhoneSimulator.platform/Developer/SDKs/iPhoneSimulator27.0.sdk --xcode-version 27A266a --platform-family iOS --deployment-target 15.1 --bundle-identifier local.shopdiscover.NativeChecks --output /tmp/shopdiscover-native-checks/DerivedData/Build/Products/Debug-iphonesimulator/NativeChecks-Runner.app/PlugIns/NativeChecks.xctest --target-triple arm64-apple-ios15.1-simulator --binary-file /tmp/shopdiscover-native-checks/DerivedData/Build/Products/Debug-iphonesimulator/NativeChecks-Runner.app/PlugIns/NativeChecks.xctest/NativeChecks --dependency-file /tmp/shopdiscover-native-checks/DerivedData/Build/Intermediates.noindex/NativeChecks.build/Debug-iphonesimulator/NativeChecks.build/Objects-normal/arm64/NativeChecks_dependency_info.dat --stringsdata-file /tmp/shopdiscover-native-checks/DerivedData/Build/Intermediates.noindex/NativeChecks.build/Debug-iphonesimulator/NativeChecks.build/Objects-normal/arm64/ExtractedAppShortcutsMetadata.stringsdata --source-file-list /tmp/shopdiscover-native-checks/DerivedData/Build/Intermediates.noindex/NativeChecks.build/Debug-iphonesimulator/NativeChecks.build/Objects-normal/arm64/NativeChecks.SwiftFileList --metadata-file-list /tmp/shopdiscover-native-checks/DerivedData/Build/Intermediates.noindex/NativeChecks.build/Debug-iphonesimulator/NativeChecks.build/NativeChecks.DependencyMetadataFileList --static-metadata-file-list /tmp/shopdiscover-native-checks/DerivedData/Build/Intermediates.noindex/NativeChecks.build/Debug-iphonesimulator/NativeChecks.build/NativeChecks.DependencyStaticMetadataFileList --swift-const-vals-list /tmp/shopdiscover-native-checks/DerivedData/Build/Intermediates.noindex/NativeChecks.build/Debug-iphonesimulator/NativeChecks.build/Objects-normal/arm64/NativeChecks.SwiftConstValuesFileList --compile-time-extraction --deployment-aware-processing --no-app-shortcuts-localization
2026-10-04 08:11:41.333 appintentsmetadataprocessor[19144:123422] Starting appintentsmetadataprocessor export
2026-10-04 08:11:41.338 appintentsmetadataprocessor[19144:123422] warning: Metadata extraction skipped, no AppIntents.framework dependency found

CopySwiftLibs /tmp/shopdiscover-native-checks/DerivedData/Build/Products/Debug-iphonesimulator/NativeChecks-Runner.app/PlugIns/NativeChecks.xctest (in target 'NativeChecks' from project 'NativeChecks')
    cd /tmp/shopdiscover-native-checks
    builtin-swiftStdLibTool --copy --verbose --scan-executable /tmp/shopdiscover-native-checks/DerivedData/Build/Products/Debug-iphonesimulator/NativeChecks-Runner.app/PlugIns/NativeChecks.xctest/NativeChecks --scan-folder /tmp/shopdiscover-native-checks/DerivedData/Build/Products/Debug-iphonesimulator/NativeChecks-Runner.app/PlugIns/NativeChecks.xctest/Frameworks --scan-folder /tmp/shopdiscover-native-checks/DerivedData/Build/Products/Debug-iphonesimulator/NativeChecks-Runner.app/PlugIns/NativeChecks.xctest/PlugIns --scan-folder /tmp/shopdiscover-native-checks/DerivedData/Build/Products/Debug-iphonesimulator/NativeChecks-Runner.app/PlugIns/NativeChecks.xctest/SystemExtensions --scan-folder /tmp/shopdiscover-native-checks/DerivedData/Build/Products/Debug-iphonesimulator/NativeChecks-Runner.app/PlugIns/NativeChecks.xctest/Extensions --scan-folder /Applications/Xcode.app/Contents/Developer/Platforms/iPhoneOS.platform/Developer/SDKs/iPhoneOS14.0.sdk/System/Library/Frameworks/Foundation.framework --platform iphonesimulator --toolchain /Applications/Xcode.app/Contents/Developer/Toolchains/XcodeDefault.xctoolchain --destination /tmp/shopdiscover-native-checks/DerivedData/Build/Products/Debug-iphonesimulator/NativeChecks-Runner.app/PlugIns/NativeChecks.xctest/Frameworks --strip-bitcode --scan-executable /Applications/Xcode.app/Contents/Developer/Platforms/iPhoneSimulator.platform/Developer/usr/lib/libXCTestSwiftSupport.dylib --strip-bitcode-tool /Applications/Xcode.app/Contents/Developer/Toolchains/XcodeDefault.xctoolchain/usr/bin/bitcode_strip --emit-dependency-info /tmp/shopdiscover-native-checks/DerivedData/Build/Intermediates.noindex/NativeChecks.build/Debug-iphonesimulator/NativeChecks.build/SwiftStdLibToolInputDependencies.dep --filter-for-swift-os
Ignoring --strip-bitcode because --sign was not passed

PruneExplicitPrecompiledModules /tmp/shopdiscover-native-checks/DerivedData/Build/Intermediates.noindex/SwiftExplicitPrecompiledModules

PruneExplicitPrecompiledModules /tmp/shopdiscover-native-checks/DerivedData/SDKExplicitPrecompiledModules

PruneExplicitPrecompiledModules /tmp/shopdiscover-native-checks/DerivedData/Build/Intermediates.noindex/ExplicitPrecompiledModules

2026-10-04 08:11:44.403986+0600 NativeChecks-Runner[19146:123646] [Default] Running tests...
    t =      nans Interface orientation changed to Portrait
Test Suite 'All tests' started at 2026-10-04 08:11:46.374.
Test Suite 'NativeChecks.xctest' started at 2026-10-04 08:11:46.380.
Test Suite 'NativeFlowTests' started at 2026-10-04 08:11:46.380.
Test Case '-[NativeChecks.NativeFlowTests testSearchFiltersDetailsAndReturn]' started.
    t =     0.01s Start Test at 2026-10-04 08:11:46.387
    t =     0.13s Set Up
    t =     0.14s Open org.reactjs.native.example.ShopDiscover
    t =     0.14s     Launch org.reactjs.native.example.ShopDiscover
    t =     0.14s         Terminate org.reactjs.native.example.ShopDiscover:18751
objc[19146]: Class UIAccessibilityLoaderWebShared is implemented in both /Library/Developer/CoreSimulator/Volumes/iOS_23F77/Library/Developer/CoreSimulator/Profiles/Runtimes/iOS 26.5.simruntime/Contents/Resources/RuntimeRoot/System/Library/AccessibilityBundles/WebCore.axbundle/WebCore (0x107fbc310) and /Library/Developer/CoreSimulator/Volumes/iOS_23F77/Library/Developer/CoreSimulator/Profiles/Runtimes/iOS 26.5.simruntime/Contents/Resources/RuntimeRoot/System/Library/AccessibilityBundles/WebKit.axbundle/WebKit (0x107e5c398). This may cause spurious casting failures and mysterious crashes. One of the duplicates must be removed or renamed.
    t =     1.61s         Setting up automation session
    t =     2.96s         Wait for org.reactjs.native.example.ShopDiscover to idle
    t =     4.28s Waiting 30.0s for "Search products" TextField to exist
    t =     5.31s     Checking `Expect predicate `existsNoRetry == 1` for object "Search products" TextField`
    t =     5.32s         Checking existence of `"Search products" TextField`
    t =     5.41s Find the Application 'org.reactjs.native.example.ShopDiscover'
    t =     5.61s Added attachment named 'ios-online'
    t =     5.62s Tap "Filters" Button
    t =     5.62s     Wait for org.reactjs.native.example.ShopDiscover to idle
    t =     7.74s     Find the "Filters" Button
    t =     7.78s     Check for interrupting elements affecting "Filters" Button
    t =     7.82s     Synthesize event
    t =     8.12s     Wait for org.reactjs.native.example.ShopDiscover to idle
    t =     8.13s Waiting 5.0s for "Hide filters" Button to exist
    t =     9.16s     Checking `Expect predicate `existsNoRetry == 1` for object "Hide filters" Button`
    t =     9.16s         Checking existence of `"Hide filters" Button`
    t =     9.21s Tap "Hide filters" Button
    t =     9.21s     Wait for org.reactjs.native.example.ShopDiscover to idle
    t =     9.21s     Find the "Hide filters" Button
    t =     9.24s     Check for interrupting elements affecting "Hide filters" Button
    t =     9.26s     Synthesize event
    t =     9.55s     Wait for org.reactjs.native.example.ShopDiscover to idle
    t =     9.55s Tap "Search products" TextField[0.20, 0.50]
    t =     9.55s     Wait for org.reactjs.native.example.ShopDiscover to idle
    t =     9.56s     Find the "Search products" TextField
    t =     9.58s     Check for interrupting elements affecting "Search products" TextField
    t =     9.60s     Synthesize event
    t =     9.60s         Find the "Search products" TextField
    t =     9.62s         Find the "Search products" TextField
    t =     9.64s         Find the "Search products" TextField
    t =     9.94s     Wait for org.reactjs.native.example.ShopDiscover to idle
    t =    11.70s Waiting 5.0s for Keyboard (First Match) to exist
    t =    12.74s     Checking `Expect predicate `existsNoRetry == 1` for object Keyboard (First Match)`
    t =    12.74s         Checking existence of `Keyboard (First Match)`
    t =    12.78s Type 'phone
' into "Search products" TextField
    t =    12.78s     Wait for org.reactjs.native.example.ShopDiscover to idle
    t =    12.78s     Find the "Search products" TextField
    t =    12.83s     Check for interrupting elements affecting "Search products" TextField
    t =    12.89s     Synthesize event
    t =    13.20s     Wait for org.reactjs.native.example.ShopDiscover to idle
    t =    13.29s Waiting 10.0s for "16 of 194 products" StaticText to exist
    t =    14.32s     Checking `Expect predicate `existsNoRetry == 1` for object "16 of 194 products" StaticText`
    t =    14.33s         Checking existence of `"16 of 194 products" StaticText`
    t =    14.36s         Capturing element debug description
    t =    15.29s     Checking `Expect predicate `existsNoRetry == 1` for object "16 of 194 products" StaticText`
    t =    15.29s         Checking existence of `"16 of 194 products" StaticText`
    t =    15.32s         Capturing element debug description
    t =    16.35s     Checking `Expect predicate `existsNoRetry == 1` for object "16 of 194 products" StaticText`
    t =    16.35s         Checking existence of `"16 of 194 products" StaticText`
    t =    16.37s         Capturing element debug description
    t =    17.30s     Checking `Expect predicate `existsNoRetry == 1` for object "16 of 194 products" StaticText`
    t =    17.30s         Checking existence of `"16 of 194 products" StaticText`
    t =    17.32s         Capturing element debug description
    t =    18.35s     Checking `Expect predicate `existsNoRetry == 1` for object "16 of 194 products" StaticText`
    t =    18.36s         Checking existence of `"16 of 194 products" StaticText`
    t =    18.38s         Capturing element debug description
    t =    19.32s     Checking `Expect predicate `existsNoRetry == 1` for object "16 of 194 products" StaticText`
    t =    19.32s         Checking existence of `"16 of 194 products" StaticText`
    t =    19.33s         Capturing element debug description
    t =    20.37s     Checking `Expect predicate `existsNoRetry == 1` for object "16 of 194 products" StaticText`
    t =    20.37s         Checking existence of `"16 of 194 products" StaticText`
    t =    20.39s         Capturing element debug description
    t =    21.33s     Checking `Expect predicate `existsNoRetry == 1` for object "16 of 194 products" StaticText`
    t =    21.33s         Checking existence of `"16 of 194 products" StaticText`
    t =    21.34s         Capturing element debug description
    t =    22.38s     Checking `Expect predicate `existsNoRetry == 1` for object "16 of 194 products" StaticText`
    t =    22.38s         Checking existence of `"16 of 194 products" StaticText`
    t =    22.40s         Capturing element debug description
    t =    23.29s     Checking `Expect predicate `existsNoRetry == 1` for object "16 of 194 products" StaticText`
    t =    23.29s         Checking existence of `"16 of 194 products" StaticText`
    t =    23.31s         Capturing element debug description
    t =    23.32s     Checking existence of `"16 of 194 products" StaticText`
    t =    23.33s Collecting debug information to assist test failure triage
    t =    23.33s     Requesting snapshot of accessibility hierarchy for app with pid 19154
/tmp/shopdiscover-native-checks/NativeFlowTests.swift:25: error: -[NativeChecks.NativeFlowTests testSearchFiltersDetailsAndReturn] : XCTAssertTrue failed
    t =    23.54s Tear Down
Test Case '-[NativeChecks.NativeFlowTests testSearchFiltersDetailsAndReturn]' failed (23.891 seconds).
Test Suite 'NativeFlowTests' failed at 2026-10-04 08:12:10.279.
	 Executed 1 test, with 1 failure (0 unexpected) in 23.891 (23.899) seconds
Test Suite 'NativeChecks.xctest' failed at 2026-10-04 08:12:10.280.
	 Executed 1 test, with 1 failure (0 unexpected) in 23.891 (23.900) seconds
Test Suite 'All tests' failed at 2026-10-04 08:12:10.280.
	 Executed 1 test, with 1 failure (0 unexpected) in 23.891 (23.906) seconds
2026-10-04 08:12:23.147 xcodebuild[19134:123265] [MT] IDETestOperationsObserverDebug: 41.765 elapsed -- Testing started completed.
2026-10-04 08:12:23.147 xcodebuild[19134:123265] [MT] IDETestOperationsObserverDebug: 0.000 sec, +0.000 sec -- start
2026-10-04 08:12:23.147 xcodebuild[19134:123265] [MT] IDETestOperationsObserverDebug: 41.767 sec, +41.767 sec -- end

Test session results, code coverage, and logs:
	/tmp/shopdiscover-native-checks/NativeFlowRetry.xcresult

Failing tests:
	NativeFlowTests.testSearchFiltersDetailsAndReturn()

** TEST FAILED **

Testing started
