Command line invocation:
    /Applications/Xcode.app/Contents/Developer/usr/bin/xcodebuild -project /private/tmp/shopdiscover-native-checks/NativeChecks.xcodeproj -scheme NativeChecks -sdk iphonesimulator -destination "platform=iOS Simulator,id=47D84A87-2DE3-4A1B-B6F4-83507C32CC85" -derivedDataPath /private/tmp/shopdiscover-native-checks/DerivedData -resultBundlePath /private/tmp/shopdiscover-native-checks/NativeSwipeBack.xcresult "-only-testing:NativeChecks/NativeFlowTests/testSwipeBackPreservesBrowsingPosition" -parallel-testing-enabled NO -jobs 2 CODE_SIGNING_ALLOWED=NO test

Build settings from command line:
    CODE_SIGNING_ALLOWED = NO
    SDKROOT = iphonesimulator27.0

Writing result bundle at path:
	/private/tmp/shopdiscover-native-checks/NativeSwipeBack.xcresult

Build Preparation
Build task concurrency set to 2 via user default IDEBuildOperationMaxNumberOfConcurrentCompileTasks

ComputePackagePrebuildTargetDependencyGraph

Prepare packages

CreateBuildRequest

SendProjectDescription

CreateBuildOperation

ComputeTargetDependencyGraph
note: Building targets in dependency order
note: Target dependency graph (1 target)
    Target 'NativeChecks' in project 'NativeChecks' (no dependencies)

GatherProvisioningInputs

CreateBuildDescription

ClangStatCache /Applications/Xcode.app/Contents/Developer/Toolchains/XcodeDefault.xctoolchain/usr/bin/clang-stat-cache /Applications/Xcode.app/Contents/Developer/Platforms/iPhoneSimulator.platform/Developer/SDKs/iPhoneSimulator27.0.sdk /tmp/shopdiscover-native-checks/DerivedData/SDKStatCaches.noindex/iphonesimulator27.0-24A430-8dc58220667be655e1bcc261a7455254.sdkstatcache
    cd /tmp/shopdiscover-native-checks/NativeChecks.xcodeproj
    /Applications/Xcode.app/Contents/Developer/Toolchains/XcodeDefault.xctoolchain/usr/bin/clang-stat-cache /Applications/Xcode.app/Contents/Developer/Platforms/iPhoneSimulator.platform/Developer/SDKs/iPhoneSimulator27.0.sdk -o /tmp/shopdiscover-native-checks/DerivedData/SDKStatCaches.noindex/iphonesimulator27.0-24A430-8dc58220667be655e1bcc261a7455254.sdkstatcache

SwiftDriver NativeChecks normal arm64 com.apple.xcode.tools.swift.compiler (in target 'NativeChecks' from project 'NativeChecks')
    cd /tmp/shopdiscover-native-checks
    builtin-SwiftDriver -- /Applications/Xcode.app/Contents/Developer/Toolchains/XcodeDefault.xctoolchain/usr/bin/swiftc -module-name NativeChecks -Onone @/tmp/shopdiscover-native-checks/DerivedData/Build/Intermediates.noindex/NativeChecks.build/Debug-iphonesimulator/NativeChecks.build/Objects-normal/arm64/NativeChecks.SwiftFileList -DDEBUG -module-alias Testing\=_Testing_Unavailable -plugin-path /Applications/Xcode.app/Contents/Developer/Toolchains/XcodeDefault.xctoolchain/usr/lib/swift/host/plugins/testing -enable-bare-slash-regex -enable-experimental-feature DebugDescriptionMacro -sdk /Applications/Xcode.app/Contents/Developer/Platforms/iPhoneSimulator.platform/Developer/SDKs/iPhoneSimulator27.0.sdk -target arm64-apple-ios15.1-simulator -g -module-cache-path /tmp/shopdiscover-native-checks/DerivedData/ModuleCache.noindex -Xfrontend -serialize-debugging-options -enable-testing -index-store-path /tmp/shopdiscover-native-checks/DerivedData/Index.noindex/DataStore -Xcc -D_LIBCPP_HARDENING_MODE\=_LIBCPP_HARDENING_MODE_DEBUG -swift-version 5 -I /tmp/shopdiscover-native-checks/DerivedData/Build/Products/Debug-iphonesimulator -Isystem /Applications/Xcode.app/Contents/Developer/Platforms/iPhoneSimulator.platform/Developer/usr/lib -F /tmp/shopdiscover-native-checks/DerivedData/Build/Products/Debug-iphonesimulator -F /Applications/Xcode.app/Contents/Developer/Platforms/iPhoneSimulator.platform/Developer/Library/Frameworks -F /Applications/Xcode.app/Contents/Developer/Platforms/iPhoneSimulator.platform/Developer/SDKs/iPhoneSimulator27.0.sdk/Developer/Library/Frameworks -parse-as-library -c -j8 -enable-batch-mode -incremental -Xcc -ivfsstatcache -Xcc /tmp/shopdiscover-native-checks/DerivedData/SDKStatCaches.noindex/iphonesimulator27.0-24A430-8dc58220667be655e1bcc261a7455254.sdkstatcache -output-file-map /tmp/shopdiscover-native-checks/DerivedData/Build/Intermediates.noindex/NativeChecks.build/Debug-iphonesimulator/NativeChecks.build/Objects-normal/arm64/NativeChecks-OutputFileMap.json -save-temps -no-color-diagnostics -explicit-module-build -module-cache-path /tmp/shopdiscover-native-checks/DerivedData/Build/Intermediates.noindex/SwiftExplicitPrecompiledModules -clang-scanner-module-cache-path /tmp/shopdiscover-native-checks/DerivedData/ModuleCache.noindex -sdk-module-cache-path /tmp/shopdiscover-native-checks/DerivedData/SDKExplicitPrecompiledModules -emit-dependencies -emit-module -emit-module-path /tmp/shopdiscover-native-checks/DerivedData/Build/Intermediates.noindex/NativeChecks.build/Debug-iphonesimulator/NativeChecks.build/Objects-normal/arm64/NativeChecks.swiftmodule -serialize-diagnostics -dependency-scan-serialize-diagnostics-path /tmp/shopdiscover-native-checks/DerivedData/Build/Intermediates.noindex/NativeChecks.build/Debug-iphonesimulator/NativeChecks.build/Objects-normal/arm64/NativeChecks-dependency-scan.dia -validate-clang-modules-once -clang-build-session-file /tmp/shopdiscover-native-checks/DerivedData/ModuleCache.noindex/Session.modulevalidation -Xcc -fmodules-prune-interval\=86400 -Xcc -fmodules-prune-after\=345600 -emit-const-values -const-gather-protocols-list /tmp/shopdiscover-native-checks/DerivedData/Build/Intermediates.noindex/NativeChecks.build/Debug-iphonesimulator/NativeChecks.build/Objects-normal/arm64/NativeChecks_const_extract_protocols.json -Xcc -iquote -Xcc /tmp/shopdiscover-native-checks/DerivedData/Build/Intermediates.noindex/NativeChecks.build/Debug-iphonesimulator/NativeChecks.build/NativeChecks-generated-files.hmap -Xcc -I/tmp/shopdiscover-native-checks/DerivedData/Build/Intermediates.noindex/NativeChecks.build/Debug-iphonesimulator/NativeChecks.build/NativeChecks-own-target-headers.hmap -Xcc -I/tmp/shopdiscover-native-checks/DerivedData/Build/Intermediates.noindex/NativeChecks.build/Debug-iphonesimulator/NativeChecks.build/NativeChecks-all-target-headers.hmap -Xcc -iquote -Xcc /tmp/shopdiscover-native-checks/DerivedData/Build/Intermediates.noindex/NativeChecks.build/Debug-iphonesimulator/NativeChecks.build/NativeChecks-project-headers.hmap -Xcc -I/tmp/shopdiscover-native-checks/DerivedData/Build/Products/Debug-iphonesimulator/include -Xcc -I/tmp/shopdiscover-native-checks/DerivedData/Build/Intermediates.noindex/NativeChecks.build/Debug-iphonesimulator/NativeChecks.build/DerivedSources-normal/arm64 -Xcc -I/tmp/shopdiscover-native-checks/DerivedData/Build/Intermediates.noindex/NativeChecks.build/Debug-iphonesimulator/NativeChecks.build/DerivedSources/arm64 -Xcc -I/tmp/shopdiscover-native-checks/DerivedData/Build/Intermediates.noindex/NativeChecks.build/Debug-iphonesimulator/NativeChecks.build/DerivedSources -Xcc -DDEBUG\=1 -emit-objc-header -emit-objc-header-path /tmp/shopdiscover-native-checks/DerivedData/Build/Intermediates.noindex/NativeChecks.build/Debug-iphonesimulator/NativeChecks.build/Objects-normal/arm64/NativeChecks-Swift.h -working-directory /tmp/shopdiscover-native-checks -experimental-emit-module-separately -disable-cmo

SwiftCompile normal arm64 Compiling\ NativeFlowTests.swift /tmp/shopdiscover-native-checks/NativeFlowTests.swift (in target 'NativeChecks' from project 'NativeChecks')

SwiftCompile normal arm64 /tmp/shopdiscover-native-checks/NativeFlowTests.swift (in target 'NativeChecks' from project 'NativeChecks')
    cd /tmp/shopdiscover-native-checks
    builtin-SwiftPerFileCompile NativeFlowTests.swift

SwiftEmitModule normal arm64 Emitting\ module\ for\ NativeChecks (in target 'NativeChecks' from project 'NativeChecks')

SwiftCompile normal arm64 (in target 'NativeChecks' from project 'NativeChecks')
    cd /tmp/shopdiscover-native-checks


SwiftDriverJobDiscovery normal arm64 Compiling NativeFlowTests.swift (in target 'NativeChecks' from project 'NativeChecks')

SwiftDriver\ Compilation NativeChecks normal arm64 com.apple.xcode.tools.swift.compiler (in target 'NativeChecks' from project 'NativeChecks')
    cd /tmp/shopdiscover-native-checks
    builtin-Swift-Compilation -- /Applications/Xcode.app/Contents/Developer/Toolchains/XcodeDefault.xctoolchain/usr/bin/swiftc -module-name NativeChecks -Onone @/tmp/shopdiscover-native-checks/DerivedData/Build/Intermediates.noindex/NativeChecks.build/Debug-iphonesimulator/NativeChecks.build/Objects-normal/arm64/NativeChecks.SwiftFileList -DDEBUG -module-alias Testing\=_Testing_Unavailable -plugin-path /Applications/Xcode.app/Contents/Developer/Toolchains/XcodeDefault.xctoolchain/usr/lib/swift/host/plugins/testing -enable-bare-slash-regex -enable-experimental-feature DebugDescriptionMacro -sdk /Applications/Xcode.app/Contents/Developer/Platforms/iPhoneSimulator.platform/Developer/SDKs/iPhoneSimulator27.0.sdk -target arm64-apple-ios15.1-simulator -g -module-cache-path /tmp/shopdiscover-native-checks/DerivedData/ModuleCache.noindex -Xfrontend -serialize-debugging-options -enable-testing -index-store-path /tmp/shopdiscover-native-checks/DerivedData/Index.noindex/DataStore -Xcc -D_LIBCPP_HARDENING_MODE\=_LIBCPP_HARDENING_MODE_DEBUG -swift-version 5 -I /tmp/shopdiscover-native-checks/DerivedData/Build/Products/Debug-iphonesimulator -Isystem /Applications/Xcode.app/Contents/Developer/Platforms/iPhoneSimulator.platform/Developer/usr/lib -F /tmp/shopdiscover-native-checks/DerivedData/Build/Products/Debug-iphonesimulator -F /Applications/Xcode.app/Contents/Developer/Platforms/iPhoneSimulator.platform/Developer/Library/Frameworks -F /Applications/Xcode.app/Contents/Developer/Platforms/iPhoneSimulator.platform/Developer/SDKs/iPhoneSimulator27.0.sdk/Developer/Library/Frameworks -parse-as-library -c -j8 -enable-batch-mode -incremental -Xcc -ivfsstatcache -Xcc /tmp/shopdiscover-native-checks/DerivedData/SDKStatCaches.noindex/iphonesimulator27.0-24A430-8dc58220667be655e1bcc261a7455254.sdkstatcache -output-file-map /tmp/shopdiscover-native-checks/DerivedData/Build/Intermediates.noindex/NativeChecks.build/Debug-iphonesimulator/NativeChecks.build/Objects-normal/arm64/NativeChecks-OutputFileMap.json -save-temps -no-color-diagnostics -explicit-module-build -module-cache-path /tmp/shopdiscover-native-checks/DerivedData/Build/Intermediates.noindex/SwiftExplicitPrecompiledModules -clang-scanner-module-cache-path /tmp/shopdiscover-native-checks/DerivedData/ModuleCache.noindex -sdk-module-cache-path /tmp/shopdiscover-native-checks/DerivedData/SDKExplicitPrecompiledModules -emit-dependencies -emit-module -emit-module-path /tmp/shopdiscover-native-checks/DerivedData/Build/Intermediates.noindex/NativeChecks.build/Debug-iphonesimulator/NativeChecks.build/Objects-normal/arm64/NativeChecks.swiftmodule -serialize-diagnostics -dependency-scan-serialize-diagnostics-path /tmp/shopdiscover-native-checks/DerivedData/Build/Intermediates.noindex/NativeChecks.build/Debug-iphonesimulator/NativeChecks.build/Objects-normal/arm64/NativeChecks-dependency-scan.dia -validate-clang-modules-once -clang-build-session-file /tmp/shopdiscover-native-checks/DerivedData/ModuleCache.noindex/Session.modulevalidation -Xcc -fmodules-prune-interval\=86400 -Xcc -fmodules-prune-after\=345600 -emit-const-values -const-gather-protocols-list /tmp/shopdiscover-native-checks/DerivedData/Build/Intermediates.noindex/NativeChecks.build/Debug-iphonesimulator/NativeChecks.build/Objects-normal/arm64/NativeChecks_const_extract_protocols.json -Xcc -iquote -Xcc /tmp/shopdiscover-native-checks/DerivedData/Build/Intermediates.noindex/NativeChecks.build/Debug-iphonesimulator/NativeChecks.build/NativeChecks-generated-files.hmap -Xcc -I/tmp/shopdiscover-native-checks/DerivedData/Build/Intermediates.noindex/NativeChecks.build/Debug-iphonesimulator/NativeChecks.build/NativeChecks-own-target-headers.hmap -Xcc -I/tmp/shopdiscover-native-checks/DerivedData/Build/Intermediates.noindex/NativeChecks.build/Debug-iphonesimulator/NativeChecks.build/NativeChecks-all-target-headers.hmap -Xcc -iquote -Xcc /tmp/shopdiscover-native-checks/DerivedData/Build/Intermediates.noindex/NativeChecks.build/Debug-iphonesimulator/NativeChecks.build/NativeChecks-project-headers.hmap -Xcc -I/tmp/shopdiscover-native-checks/DerivedData/Build/Products/Debug-iphonesimulator/include -Xcc -I/tmp/shopdiscover-native-checks/DerivedData/Build/Intermediates.noindex/NativeChecks.build/Debug-iphonesimulator/NativeChecks.build/DerivedSources-normal/arm64 -Xcc -I/tmp/shopdiscover-native-checks/DerivedData/Build/Intermediates.noindex/NativeChecks.build/Debug-iphonesimulator/NativeChecks.build/DerivedSources/arm64 -Xcc -I/tmp/shopdiscover-native-checks/DerivedData/Build/Intermediates.noindex/NativeChecks.build/Debug-iphonesimulator/NativeChecks.build/DerivedSources -Xcc -DDEBUG\=1 -emit-objc-header -emit-objc-header-path /tmp/shopdiscover-native-checks/DerivedData/Build/Intermediates.noindex/NativeChecks.build/Debug-iphonesimulator/NativeChecks.build/Objects-normal/arm64/NativeChecks-Swift.h -working-directory /tmp/shopdiscover-native-checks -experimental-emit-module-separately -disable-cmo

SwiftDriverJobDiscovery normal arm64 Emitting module for NativeChecks (in target 'NativeChecks' from project 'NativeChecks')

SwiftDriver\ Compilation\ Requirements NativeChecks normal arm64 com.apple.xcode.tools.swift.compiler (in target 'NativeChecks' from project 'NativeChecks')
    cd /tmp/shopdiscover-native-checks
    builtin-Swift-Compilation-Requirements -- /Applications/Xcode.app/Contents/Developer/Toolchains/XcodeDefault.xctoolchain/usr/bin/swiftc -module-name NativeChecks -Onone @/tmp/shopdiscover-native-checks/DerivedData/Build/Intermediates.noindex/NativeChecks.build/Debug-iphonesimulator/NativeChecks.build/Objects-normal/arm64/NativeChecks.SwiftFileList -DDEBUG -module-alias Testing\=_Testing_Unavailable -plugin-path /Applications/Xcode.app/Contents/Developer/Toolchains/XcodeDefault.xctoolchain/usr/lib/swift/host/plugins/testing -enable-bare-slash-regex -enable-experimental-feature DebugDescriptionMacro -sdk /Applications/Xcode.app/Contents/Developer/Platforms/iPhoneSimulator.platform/Developer/SDKs/iPhoneSimulator27.0.sdk -target arm64-apple-ios15.1-simulator -g -module-cache-path /tmp/shopdiscover-native-checks/DerivedData/ModuleCache.noindex -Xfrontend -serialize-debugging-options -enable-testing -index-store-path /tmp/shopdiscover-native-checks/DerivedData/Index.noindex/DataStore -Xcc -D_LIBCPP_HARDENING_MODE\=_LIBCPP_HARDENING_MODE_DEBUG -swift-version 5 -I /tmp/shopdiscover-native-checks/DerivedData/Build/Products/Debug-iphonesimulator -Isystem /Applications/Xcode.app/Contents/Developer/Platforms/iPhoneSimulator.platform/Developer/usr/lib -F /tmp/shopdiscover-native-checks/DerivedData/Build/Products/Debug-iphonesimulator -F /Applications/Xcode.app/Contents/Developer/Platforms/iPhoneSimulator.platform/Developer/Library/Frameworks -F /Applications/Xcode.app/Contents/Developer/Platforms/iPhoneSimulator.platform/Developer/SDKs/iPhoneSimulator27.0.sdk/Developer/Library/Frameworks -parse-as-library -c -j8 -enable-batch-mode -incremental -Xcc -ivfsstatcache -Xcc /tmp/shopdiscover-native-checks/DerivedData/SDKStatCaches.noindex/iphonesimulator27.0-24A430-8dc58220667be655e1bcc261a7455254.sdkstatcache -output-file-map /tmp/shopdiscover-native-checks/DerivedData/Build/Intermediates.noindex/NativeChecks.build/Debug-iphonesimulator/NativeChecks.build/Objects-normal/arm64/NativeChecks-OutputFileMap.json -save-temps -no-color-diagnostics -explicit-module-build -module-cache-path /tmp/shopdiscover-native-checks/DerivedData/Build/Intermediates.noindex/SwiftExplicitPrecompiledModules -clang-scanner-module-cache-path /tmp/shopdiscover-native-checks/DerivedData/ModuleCache.noindex -sdk-module-cache-path /tmp/shopdiscover-native-checks/DerivedData/SDKExplicitPrecompiledModules -emit-dependencies -emit-module -emit-module-path /tmp/shopdiscover-native-checks/DerivedData/Build/Intermediates.noindex/NativeChecks.build/Debug-iphonesimulator/NativeChecks.build/Objects-normal/arm64/NativeChecks.swiftmodule -serialize-diagnostics -dependency-scan-serialize-diagnostics-path /tmp/shopdiscover-native-checks/DerivedData/Build/Intermediates.noindex/NativeChecks.build/Debug-iphonesimulator/NativeChecks.build/Objects-normal/arm64/NativeChecks-dependency-scan.dia -validate-clang-modules-once -clang-build-session-file /tmp/shopdiscover-native-checks/DerivedData/ModuleCache.noindex/Session.modulevalidation -Xcc -fmodules-prune-interval\=86400 -Xcc -fmodules-prune-after\=345600 -emit-const-values -const-gather-protocols-list /tmp/shopdiscover-native-checks/DerivedData/Build/Intermediates.noindex/NativeChecks.build/Debug-iphonesimulator/NativeChecks.build/Objects-normal/arm64/NativeChecks_const_extract_protocols.json -Xcc -iquote -Xcc /tmp/shopdiscover-native-checks/DerivedData/Build/Intermediates.noindex/NativeChecks.build/Debug-iphonesimulator/NativeChecks.build/NativeChecks-generated-files.hmap -Xcc -I/tmp/shopdiscover-native-checks/DerivedData/Build/Intermediates.noindex/NativeChecks.build/Debug-iphonesimulator/NativeChecks.build/NativeChecks-own-target-headers.hmap -Xcc -I/tmp/shopdiscover-native-checks/DerivedData/Build/Intermediates.noindex/NativeChecks.build/Debug-iphonesimulator/NativeChecks.build/NativeChecks-all-target-headers.hmap -Xcc -iquote -Xcc /tmp/shopdiscover-native-checks/DerivedData/Build/Intermediates.noindex/NativeChecks.build/Debug-iphonesimulator/NativeChecks.build/NativeChecks-project-headers.hmap -Xcc -I/tmp/shopdiscover-native-checks/DerivedData/Build/Products/Debug-iphonesimulator/include -Xcc -I/tmp/shopdiscover-native-checks/DerivedData/Build/Intermediates.noindex/NativeChecks.build/Debug-iphonesimulator/NativeChecks.build/DerivedSources-normal/arm64 -Xcc -I/tmp/shopdiscover-native-checks/DerivedData/Build/Intermediates.noindex/NativeChecks.build/Debug-iphonesimulator/NativeChecks.build/DerivedSources/arm64 -Xcc -I/tmp/shopdiscover-native-checks/DerivedData/Build/Intermediates.noindex/NativeChecks.build/Debug-iphonesimulator/NativeChecks.build/DerivedSources -Xcc -DDEBUG\=1 -emit-objc-header -emit-objc-header-path /tmp/shopdiscover-native-checks/DerivedData/Build/Intermediates.noindex/NativeChecks.build/Debug-iphonesimulator/NativeChecks.build/Objects-normal/arm64/NativeChecks-Swift.h -working-directory /tmp/shopdiscover-native-checks -experimental-emit-module-separately -disable-cmo

Copy /tmp/shopdiscover-native-checks/DerivedData/Build/Products/Debug-iphonesimulator/NativeChecks.swiftmodule/arm64-apple-ios-simulator.swiftmodule /tmp/shopdiscover-native-checks/DerivedData/Build/Intermediates.noindex/NativeChecks.build/Debug-iphonesimulator/NativeChecks.build/Objects-normal/arm64/NativeChecks.swiftmodule (in target 'NativeChecks' from project 'NativeChecks')
    cd /tmp/shopdiscover-native-checks
    builtin-copy -exclude .DS_Store -exclude CVS -exclude .svn -exclude .git -exclude .hg -resolve-src-symlinks -rename /tmp/shopdiscover-native-checks/DerivedData/Build/Intermediates.noindex/NativeChecks.build/Debug-iphonesimulator/NativeChecks.build/Objects-normal/arm64/NativeChecks.swiftmodule /tmp/shopdiscover-native-checks/DerivedData/Build/Products/Debug-iphonesimulator/NativeChecks.swiftmodule/arm64-apple-ios-simulator.swiftmodule

Copy /tmp/shopdiscover-native-checks/DerivedData/Build/Products/Debug-iphonesimulator/NativeChecks.swiftmodule/arm64-apple-ios-simulator.abi.json /tmp/shopdiscover-native-checks/DerivedData/Build/Intermediates.noindex/NativeChecks.build/Debug-iphonesimulator/NativeChecks.build/Objects-normal/arm64/NativeChecks.abi.json (in target 'NativeChecks' from project 'NativeChecks')
    cd /tmp/shopdiscover-native-checks
    builtin-copy -exclude .DS_Store -exclude CVS -exclude .svn -exclude .git -exclude .hg -resolve-src-symlinks -rename /tmp/shopdiscover-native-checks/DerivedData/Build/Intermediates.noindex/NativeChecks.build/Debug-iphonesimulator/NativeChecks.build/Objects-normal/arm64/NativeChecks.abi.json /tmp/shopdiscover-native-checks/DerivedData/Build/Products/Debug-iphonesimulator/NativeChecks.swiftmodule/arm64-apple-ios-simulator.abi.json

Copy /tmp/shopdiscover-native-checks/DerivedData/Build/Products/Debug-iphonesimulator/NativeChecks.swiftmodule/Project/arm64-apple-ios-simulator.swiftsourceinfo /tmp/shopdiscover-native-checks/DerivedData/Build/Intermediates.noindex/NativeChecks.build/Debug-iphonesimulator/NativeChecks.build/Objects-normal/arm64/NativeChecks.swiftsourceinfo (in target 'NativeChecks' from project 'NativeChecks')
    cd /tmp/shopdiscover-native-checks
    builtin-copy -exclude .DS_Store -exclude CVS -exclude .svn -exclude .git -exclude .hg -resolve-src-symlinks -rename /tmp/shopdiscover-native-checks/DerivedData/Build/Intermediates.noindex/NativeChecks.build/Debug-iphonesimulator/NativeChecks.build/Objects-normal/arm64/NativeChecks.swiftsourceinfo /tmp/shopdiscover-native-checks/DerivedData/Build/Products/Debug-iphonesimulator/NativeChecks.swiftmodule/Project/arm64-apple-ios-simulator.swiftsourceinfo

Ld /tmp/shopdiscover-native-checks/DerivedData/Build/Products/Debug-iphonesimulator/NativeChecks-Runner.app/PlugIns/NativeChecks.xctest/NativeChecks normal (in target 'NativeChecks' from project 'NativeChecks')
    cd /tmp/shopdiscover-native-checks
    /Applications/Xcode.app/Contents/Developer/Toolchains/XcodeDefault.xctoolchain/usr/bin/clang -Xlinker -reproducible -target arm64-apple-ios15.1-simulator -bundle -isysroot /Applications/Xcode.app/Contents/Developer/Platforms/iPhoneSimulator.platform/Developer/SDKs/iPhoneSimulator27.0.sdk -O0 -Xlinker -no_warn_duplicate_libraries -L/tmp/shopdiscover-native-checks/DerivedData/Build/Intermediates.noindex/EagerLinkingTBDs/Debug-iphonesimulator -L/tmp/shopdiscover-native-checks/DerivedData/Build/Products/Debug-iphonesimulator -L/Applications/Xcode.app/Contents/Developer/Platforms/iPhoneSimulator.platform/Developer/usr/lib -F/tmp/shopdiscover-native-checks/DerivedData/Build/Intermediates.noindex/EagerLinkingTBDs/Debug-iphonesimulator -F/tmp/shopdiscover-native-checks/DerivedData/Build/Products/Debug-iphonesimulator -iframework /Applications/Xcode.app/Contents/Developer/Platforms/iPhoneSimulator.platform/Developer/Library/Frameworks -iframework /Applications/Xcode.app/Contents/Developer/Platforms/iPhoneSimulator.platform/Developer/SDKs/iPhoneSimulator27.0.sdk/Developer/Library/Frameworks -filelist /tmp/shopdiscover-native-checks/DerivedData/Build/Intermediates.noindex/NativeChecks.build/Debug-iphonesimulator/NativeChecks.build/Objects-normal/arm64/NativeChecks.LinkFileList -Xlinker -rpath -Xlinker /usr/lib/swift -Xlinker -rpath -Xlinker @loader_path/Frameworks -Xlinker -dead_strip -Xlinker -object_path_lto -Xlinker /tmp/shopdiscover-native-checks/DerivedData/Build/Intermediates.noindex/NativeChecks.build/Debug-iphonesimulator/NativeChecks.build/Objects-normal/arm64/NativeChecks_lto.o -rdynamic -Xlinker -no_deduplicate -Xlinker -objc_abi_version -Xlinker 2 -Xlinker -dependency_info -Xlinker /tmp/shopdiscover-native-checks/DerivedData/Build/Intermediates.noindex/NativeChecks.build/Debug-iphonesimulator/NativeChecks.build/Objects-normal/arm64/NativeChecks_dependency_info.dat -fobjc-link-runtime -L/Applications/Xcode.app/Contents/Developer/Toolchains/XcodeDefault.xctoolchain/usr/lib/swift/iphonesimulator -L/usr/lib/swift -Xlinker -add_ast_path -Xlinker /tmp/shopdiscover-native-checks/DerivedData/Build/Intermediates.noindex/NativeChecks.build/Debug-iphonesimulator/NativeChecks.build/Objects-normal/arm64/NativeChecks.swiftmodule -Xlinker -needed_framework -Xlinker XCTest -framework XCTest -Xlinker -needed-lXCTestSwiftSupport -lXCTestSwiftSupport -framework Foundation -o /tmp/shopdiscover-native-checks/DerivedData/Build/Products/Debug-iphonesimulator/NativeChecks-Runner.app/PlugIns/NativeChecks.xctest/NativeChecks
/tmp/shopdiscover-native-checks/NativeChecks.xcodeproj: NativeChecks: ld: warning: building for iOS-simulator-15.1, but linking with dylib '@rpath/XCTest.framework/XCTest' which was built for newer version 17.0
/tmp/shopdiscover-native-checks/NativeChecks.xcodeproj: NativeChecks: ld: warning: building for iOS-simulator-15.1, but linking with dylib '@rpath/libXCTestSwiftSupport.dylib' which was built for newer version 17.0
/tmp/shopdiscover-native-checks/NativeChecks.xcodeproj: NativeChecks: ld: warning: building for iOS-simulator-15.1, but linking with dylib '@rpath/XCUIAutomation.framework/XCUIAutomation' which was built for newer version 17.0

ExtractAppIntentsMetadata (in target 'NativeChecks' from project 'NativeChecks')
    cd /tmp/shopdiscover-native-checks
    /Applications/Xcode.app/Contents/Developer/Toolchains/XcodeDefault.xctoolchain/usr/bin/appintentsmetadataprocessor --toolchain-dir /Applications/Xcode.app/Contents/Developer/Toolchains/XcodeDefault.xctoolchain --module-name NativeChecks --sdk-root /Applications/Xcode.app/Contents/Developer/Platforms/iPhoneSimulator.platform/Developer/SDKs/iPhoneSimulator27.0.sdk --xcode-version 27A266a --platform-family iOS --deployment-target 15.1 --bundle-identifier local.shopdiscover.NativeChecks --output /tmp/shopdiscover-native-checks/DerivedData/Build/Products/Debug-iphonesimulator/NativeChecks-Runner.app/PlugIns/NativeChecks.xctest --target-triple arm64-apple-ios15.1-simulator --binary-file /tmp/shopdiscover-native-checks/DerivedData/Build/Products/Debug-iphonesimulator/NativeChecks-Runner.app/PlugIns/NativeChecks.xctest/NativeChecks --dependency-file /tmp/shopdiscover-native-checks/DerivedData/Build/Intermediates.noindex/NativeChecks.build/Debug-iphonesimulator/NativeChecks.build/Objects-normal/arm64/NativeChecks_dependency_info.dat --stringsdata-file /tmp/shopdiscover-native-checks/DerivedData/Build/Intermediates.noindex/NativeChecks.build/Debug-iphonesimulator/NativeChecks.build/Objects-normal/arm64/ExtractedAppShortcutsMetadata.stringsdata --source-file-list /tmp/shopdiscover-native-checks/DerivedData/Build/Intermediates.noindex/NativeChecks.build/Debug-iphonesimulator/NativeChecks.build/Objects-normal/arm64/NativeChecks.SwiftFileList --metadata-file-list /tmp/shopdiscover-native-checks/DerivedData/Build/Intermediates.noindex/NativeChecks.build/Debug-iphonesimulator/NativeChecks.build/NativeChecks.DependencyMetadataFileList --static-metadata-file-list /tmp/shopdiscover-native-checks/DerivedData/Build/Intermediates.noindex/NativeChecks.build/Debug-iphonesimulator/NativeChecks.build/NativeChecks.DependencyStaticMetadataFileList --swift-const-vals-list /tmp/shopdiscover-native-checks/DerivedData/Build/Intermediates.noindex/NativeChecks.build/Debug-iphonesimulator/NativeChecks.build/Objects-normal/arm64/NativeChecks.SwiftConstValuesFileList --compile-time-extraction --deployment-aware-processing --no-app-shortcuts-localization
2026-10-04 08:17:18.117 appintentsmetadataprocessor[19684:131574] Starting appintentsmetadataprocessor export
2026-10-04 08:17:18.123 appintentsmetadataprocessor[19684:131574] warning: Metadata extraction skipped, no AppIntents.framework dependency found

CopySwiftLibs /tmp/shopdiscover-native-checks/DerivedData/Build/Products/Debug-iphonesimulator/NativeChecks-Runner.app/PlugIns/NativeChecks.xctest (in target 'NativeChecks' from project 'NativeChecks')
    cd /tmp/shopdiscover-native-checks
    builtin-swiftStdLibTool --copy --verbose --scan-executable /tmp/shopdiscover-native-checks/DerivedData/Build/Products/Debug-iphonesimulator/NativeChecks-Runner.app/PlugIns/NativeChecks.xctest/NativeChecks --scan-folder /tmp/shopdiscover-native-checks/DerivedData/Build/Products/Debug-iphonesimulator/NativeChecks-Runner.app/PlugIns/NativeChecks.xctest/Frameworks --scan-folder /tmp/shopdiscover-native-checks/DerivedData/Build/Products/Debug-iphonesimulator/NativeChecks-Runner.app/PlugIns/NativeChecks.xctest/PlugIns --scan-folder /tmp/shopdiscover-native-checks/DerivedData/Build/Products/Debug-iphonesimulator/NativeChecks-Runner.app/PlugIns/NativeChecks.xctest/SystemExtensions --scan-folder /tmp/shopdiscover-native-checks/DerivedData/Build/Products/Debug-iphonesimulator/NativeChecks-Runner.app/PlugIns/NativeChecks.xctest/Extensions --scan-folder /Applications/Xcode.app/Contents/Developer/Platforms/iPhoneOS.platform/Developer/SDKs/iPhoneOS14.0.sdk/System/Library/Frameworks/Foundation.framework --platform iphonesimulator --toolchain /Applications/Xcode.app/Contents/Developer/Toolchains/XcodeDefault.xctoolchain --destination /tmp/shopdiscover-native-checks/DerivedData/Build/Products/Debug-iphonesimulator/NativeChecks-Runner.app/PlugIns/NativeChecks.xctest/Frameworks --strip-bitcode --scan-executable /Applications/Xcode.app/Contents/Developer/Platforms/iPhoneSimulator.platform/Developer/usr/lib/libXCTestSwiftSupport.dylib --strip-bitcode-tool /Applications/Xcode.app/Contents/Developer/Toolchains/XcodeDefault.xctoolchain/usr/bin/bitcode_strip --emit-dependency-info /tmp/shopdiscover-native-checks/DerivedData/Build/Intermediates.noindex/NativeChecks.build/Debug-iphonesimulator/NativeChecks.build/SwiftStdLibToolInputDependencies.dep --filter-for-swift-os
Ignoring --strip-bitcode because --sign was not passed

PruneExplicitPrecompiledModules /tmp/shopdiscover-native-checks/DerivedData/SDKExplicitPrecompiledModules

PruneExplicitPrecompiledModules /tmp/shopdiscover-native-checks/DerivedData/Build/Intermediates.noindex/SwiftExplicitPrecompiledModules

PruneExplicitPrecompiledModules /tmp/shopdiscover-native-checks/DerivedData/Build/Intermediates.noindex/ExplicitPrecompiledModules

2026-10-04 08:17:20.881450+0600 NativeChecks-Runner[19686:131769] [Default] Running tests...
    t =      nans Interface orientation changed to Portrait
Test Suite 'Selected tests' started at 2026-10-04 08:17:21.899.
Test Suite 'NativeChecks.xctest' started at 2026-10-04 08:17:21.900.
Test Suite 'NativeFlowTests' started at 2026-10-04 08:17:21.900.
Test Case '-[NativeChecks.NativeFlowTests testSwipeBackPreservesBrowsingPosition]' started.
    t =     0.00s Start Test at 2026-10-04 08:17:21.901
    t =     0.08s Set Up
    t =     0.08s Open org.reactjs.native.example.ShopDiscover
    t =     0.08s     Launch org.reactjs.native.example.ShopDiscover
    t =     0.08s         Terminate org.reactjs.native.example.ShopDiscover:19419
objc[19686]: Class UIAccessibilityLoaderWebShared is implemented in both /Library/Developer/CoreSimulator/Volumes/iOS_23F77/Library/Developer/CoreSimulator/Profiles/Runtimes/iOS 26.5.simruntime/Contents/Resources/RuntimeRoot/System/Library/AccessibilityBundles/WebCore.axbundle/WebCore (0x10616c310) and /Library/Developer/CoreSimulator/Volumes/iOS_23F77/Library/Developer/CoreSimulator/Profiles/Runtimes/iOS 26.5.simruntime/Contents/Resources/RuntimeRoot/System/Library/AccessibilityBundles/WebKit.axbundle/WebKit (0x1059fc398). This may cause spurious casting failures and mysterious crashes. One of the duplicates must be removed or renamed.
    t =     1.44s         Setting up automation session
    t =     2.70s         Wait for org.reactjs.native.example.ShopDiscover to idle
    t =     3.92s Waiting 30.0s for "Search products" TextField to exist
    t =     4.96s     Checking `Expect predicate `existsNoRetry == 1` for object "Search products" TextField`
    t =     4.96s         Checking existence of `"Search products" TextField`
    t =     5.04s Swipe up Application 'org.reactjs.native.example.ShopDiscover'
    t =     5.04s     Wait for org.reactjs.native.example.ShopDiscover to idle
    t =     7.23s     Find the Application 'org.reactjs.native.example.ShopDiscover'
    t =     7.26s     Check for interrupting elements affecting "ShopDiscover" Application
    t =     7.32s     Synthesize event
    t =     7.76s     Wait for org.reactjs.native.example.ShopDiscover to idle
    t =     9.90s Get all elements bound by index for: Elements matching predicate 'label BEGINSWITH "View details for "'
    t =     9.96s Find the Button (Element at index 0)
    t =     9.99s Find the Button (Element at index 1)
    t =    10.01s Find the Button (Element at index 2)
    t =    10.04s Find the Button (Element at index 3)
    t =    10.07s Find the Button (Element at index 4)
    t =    10.10s Find the "View details for Red Nail Polish" Button
    t =    10.12s Find the "View details for Red Nail Polish" Button
    t =    10.14s Tap "View details for Red Nail Polish" Button
    t =    10.14s     Wait for org.reactjs.native.example.ShopDiscover to idle
    t =    10.14s     Find the "View details for Red Nail Polish" Button
    t =    10.16s     Check for interrupting elements affecting "View details for Red Nail Polish" Button
    t =    10.18s     Synthesize event
    t =    10.47s     Wait for org.reactjs.native.example.ShopDiscover to idle
    t =    10.55s Waiting 5.0s for "Product details" NavigationBar to exist
    t =    11.59s     Checking `Expect predicate `existsNoRetry == 1` for object "Product details" NavigationBar`
    t =    11.59s         Checking existence of `"Product details" NavigationBar`
    t =    11.64s Press Application 'org.reactjs.native.example.ShopDiscover'[0.01, 0.50] for 0.1 seconds, then drag to Application 'org.reactjs.native.example.ShopDiscover'[0.90, 0.50] with velocity of 500.00 pixels per second, and then hold for 0.0 seconds
    t =    11.64s     Wait for org.reactjs.native.example.ShopDiscover to idle
    t =    11.64s     Find the Application 'org.reactjs.native.example.ShopDiscover'
    t =    11.66s     Check for interrupting elements affecting "ShopDiscover" Application
    t =    11.67s     Synthesize event
    t =    11.68s         Find the Application 'org.reactjs.native.example.ShopDiscover'
    t =    11.69s         Find the Application 'org.reactjs.native.example.ShopDiscover'
    t =    11.70s         Find the Application 'org.reactjs.native.example.ShopDiscover'
    t =    11.71s         Find the Application 'org.reactjs.native.example.ShopDiscover'
    t =    11.73s         Find the Application 'org.reactjs.native.example.ShopDiscover'
    t =    12.79s     Wait for org.reactjs.native.example.ShopDiscover to idle
    t =    12.96s Waiting 5.0s for "Search products" TextField to exist
    t =    14.00s     Checking `Expect predicate `existsNoRetry == 1` for object "Search products" TextField`
    t =    14.00s         Checking existence of `"Search products" TextField`
    t =    14.04s Find the "View details for Red Nail Polish" Button
    t =    14.07s Find the "View details for Red Nail Polish" Button
    t =    14.10s Find the Application 'org.reactjs.native.example.ShopDiscover'
    t =    14.24s Added attachment named 'ios-swipe-back-preserved'
    t =    14.24s Tear Down
Test Case '-[NativeChecks.NativeFlowTests testSwipeBackPreservesBrowsingPosition]' passed (14.594 seconds).
Test Suite 'NativeFlowTests' passed at 2026-10-04 08:17:36.495.
	 Executed 1 test, with 0 failures (0 unexpected) in 14.594 (14.595) seconds
Test Suite 'NativeChecks.xctest' passed at 2026-10-04 08:17:36.495.
	 Executed 1 test, with 0 failures (0 unexpected) in 14.594 (14.596) seconds
Test Suite 'Selected tests' passed at 2026-10-04 08:17:36.496.
	 Executed 1 test, with 0 failures (0 unexpected) in 14.594 (14.597) seconds
2026-10-04 08:17:36.969 xcodebuild[19674:131367] [MT] IDETestOperationsObserverDebug: 18.797 elapsed -- Testing started completed.
2026-10-04 08:17:36.969 xcodebuild[19674:131367] [MT] IDETestOperationsObserverDebug: 0.000 sec, +0.000 sec -- start
2026-10-04 08:17:36.969 xcodebuild[19674:131367] [MT] IDETestOperationsObserverDebug: 18.797 sec, +18.796 sec -- end

Test session results, code coverage, and logs:
	/tmp/shopdiscover-native-checks/NativeSwipeBack.xcresult

** TEST SUCCEEDED **

Testing started
